Using CPython 3.12.3 interpreter at: /usr/bin/python3.12
Creating virtual environment at: .venv
   Building aaaa @ file:///home/valar/RAG
Downloading pydantic-core (2.0MiB)
Downloading tokenizers (3.2MiB)
Downloading scikit-learn (8.7MiB)
Downloading nvidia-cudnn-cu13 (527.5MiB)
Downloading transformers (11.7MiB)
Downloading torch (528.9MiB)
Downloading nvidia-nccl-cu13 (206.0MiB)
Downloading triton (236.5MiB)
Downloading numpy (15.9MiB)
Downloading nvidia-nvjitlink (40.5MiB)
Downloading grpcio (6.8MiB)
Downloading onnxruntime (22.5MiB)
Downloading cuda-bindings (6.8MiB)
  × Failed to build `aaaa @ file:///home/valar/RAG`
  ├─▶ The build backend returned an error
  ╰─▶ Call to `uv_build.build_editable` failed (exit status: 1)

      [stderr]
      Error: Expected a Python module at: src/aaaa/__init__.py

      hint: This usually indicates a problem with the package or the build environment.
